[2026-02-13T08:54:41.163Z] Wrote to D:\XII PPLG 1\PSAJ\Nyicil\v2\server\data\categories.json. Success.
[2026-02-13T08:55:15.774Z] Wrote to D:\XII PPLG 1\PSAJ\Nyicil\v2\server\data\categories.json. Success.
[2026-02-13T08:55:39.195Z] Wrote to D:\XII PPLG 1\PSAJ\Nyicil\v2\server\data\categories.json. Success.
[2026-02-13T08:56:03.450Z] Wrote to D:\XII PPLG 1\PSAJ\Nyicil\v2\server\data\categories.json. Success.
[2026-02-13T08:56:32.887Z] Wrote to D:\XII PPLG 1\PSAJ\Nyicil\v2\server\data\categories.json. Success.
[2026-02-13T08:57:40.506Z] Wrote to D:\XII PPLG 1\PSAJ\Nyicil\v2\server\data\orders.json. Success.
[2026-02-13T08:58:03.070Z] Wrote to D:\XII PPLG 1\PSAJ\Nyicil\v2\server\data\carts.json. Success.
[2026-02-13T08:58:22.818Z] Wrote to D:\XII PPLG 1\PSAJ\Nyicil\v2\server\data\orders.json. Success.
[2026-02-13T08:58:22.829Z] Wrote to D:\XII PPLG 1\PSAJ\Nyicil\v2\server\data\products.json. Success.
[2026-02-13T08:58:22.832Z] Wrote to D:\XII PPLG 1\PSAJ\Nyicil\v2\server\data\carts.json. Success.
[2026-02-13T08:58:56.391Z] Wrote to D:\XII PPLG 1\PSAJ\Nyicil\v2\server\data\orders.json. Success.
[2026-02-13T08:59:25.035Z] Wrote to D:\XII PPLG 1\PSAJ\Nyicil\v2\server\data\products.json. Success.
[2026-02-13T09:20:04.389Z] Wrote to D:\XII PPLG 1\PSAJ\Nyicil\v2\server\data\products.json. Success.
[2026-02-13T09:28:57.871Z] Wrote to D:\XII PPLG 1\PSAJ\Nyicil\v2\server\data\products.json. Success.
[2026-02-13T09:29:33.714Z] Wrote to D:\XII PPLG 1\PSAJ\Nyicil\v2\server\data\products.json. Success.
[2026-02-13T09:48:06.496Z] Wrote to D:\XII PPLG 1\PSAJ\Nyicil\v2\server\data\products.json. Success.
[2026-02-13T09:51:40.532Z] Wrote to D:\XII PPLG 1\PSAJ\Nyicil\v2\server\data\products.json. Success.
[2026-02-13T09:53:53.999Z] Wrote to D:\XII PPLG 1\PSAJ\Nyicil\v2\server\data\products.json. Success.
[2026-02-13T10:32:23.637Z] Wrote to D:\XII PPLG 1\PSAJ\Nyicil\v2\server\data\products.json. Success.
[2026-02-13T10:35:16.895Z] Wrote to D:\XII PPLG 1\PSAJ\Nyicil\v2\server\data\products.json. Success.
[2026-02-13T10:35:41.989Z] Wrote to D:\XII PPLG 1\PSAJ\Nyicil\v2\server\data\products.json. Success.
[2026-02-13T10:35:49.597Z] Wrote to D:\XII PPLG 1\PSAJ\Nyicil\v2\server\data\products.json. Success.
[2026-02-13T10:35:57.220Z] Wrote to D:\XII PPLG 1\PSAJ\Nyicil\v2\server\data\products.json. Success.
[2026-02-13T11:46:20.946Z] Wrote to D:\XII PPLG 1\PSAJ\Nyicil\v2\server\data\products.json. Success.
[2026-02-13T11:46:51.500Z] Wrote to D:\XII PPLG 1\PSAJ\Nyicil\v2\server\data\products.json. Success.
[2026-02-13T11:48:55.988Z] Wrote to D:\XII PPLG 1\PSAJ\Nyicil\v2\server\data\carts.json. Success.
[2026-02-13T11:49:09.927Z] Wrote to D:\XII PPLG 1\PSAJ\Nyicil\v2\server\data\orders.json. Success.
[2026-02-13T11:49:09.938Z] Wrote to D:\XII PPLG 1\PSAJ\Nyicil\v2\server\data\products.json. Success.
[2026-02-13T11:49:09.941Z] Wrote to D:\XII PPLG 1\PSAJ\Nyicil\v2\server\data\carts.json. Success.
[2026-02-13T12:14:46.891Z] Wrote to D:\XII PPLG 1\PSAJ\Nyicil\v2\server\data\products.json. Success.
[2026-02-13T12:15:02.645Z] Wrote to D:\XII PPLG 1\PSAJ\Nyicil\v2\server\data\products.json. Success.
[2026-02-13T12:20:33.872Z] Wrote to D:\XII PPLG 1\PSAJ\Nyicil\v2\server\data\products.json. Success.
[2026-02-13T12:24:31.709Z] Wrote to D:\XII PPLG 1\PSAJ\Nyicil\v2\server\data\products.json. Success.
[2026-02-13T12:27:05.030Z] Wrote to D:\XII PPLG 1\PSAJ\Nyicil\v2\server\data\products.json. Success.
[2026-02-13T12:28:43.865Z] Wrote to D:\XII PPLG 1\PSAJ\Nyicil\v2\server\data\products.json. Success.
[2026-02-15T12:50:37.649Z] Wrote to D:\XII PPLG 1\PSAJ\Nyicil\v2\server\data\products.json. Success.
[2026-02-15T12:57:14.577Z] Wrote to D:\XII PPLG 1\PSAJ\Nyicil\v2\server\data\products.json. Success.
[2026-02-16T02:27:59.519Z] Wrote to D:\XII PPLG 1\PSAJ\Nyicil\v2\server\data\carts.json. Success.
[2026-02-16T02:43:24.623Z] Wrote to D:\XII PPLG 1\PSAJ\Nyicil\v2\server\data\wishlists.json. Success.
[2026-02-16T02:43:26.815Z] Wrote to D:\XII PPLG 1\PSAJ\Nyicil\v2\server\data\wishlists.json. Success.
[2026-02-16T02:59:31.247Z] Wrote to D:\XII PPLG 1\PSAJ\Nyicil\v2\server\data\products.json. Success.
[2026-02-16T02:59:53.912Z] Wrote to D:\XII PPLG 1\PSAJ\Nyicil\v2\server\data\products.json. Success.
[2026-02-16T03:03:30.273Z] Wrote to D:\XII PPLG 1\PSAJ\Nyicil\v2\server\data\products.json. Success.
[2026-02-16T05:40:34.825Z] Wrote to D:\XII PPLG 1\PSAJ\Nyicil\v2\server\data\carts.json. Success.
[2026-02-16T06:34:16.082Z] Wrote to D:\XII PPLG 1\PSAJ\Nyicil\v2\server\data\products.json. Success.
[2026-02-16T06:35:49.463Z] Wrote to D:\XII PPLG 1\PSAJ\Nyicil\v2\server\data\products.json. Success.
[2026-02-16T06:38:10.933Z] Wrote to D:\XII PPLG 1\PSAJ\Nyicil\v2\server\data\products.json. Success.
[2026-02-16T06:39:57.297Z] Wrote to D:\XII PPLG 1\PSAJ\Nyicil\v2\server\data\products.json. Success.
[2026-02-16T06:41:34.090Z] Wrote to D:\XII PPLG 1\PSAJ\Nyicil\v2\server\data\products.json. Success.
[2026-02-16T06:42:01.615Z] Wrote to D:\XII PPLG 1\PSAJ\Nyicil\v2\server\data\products.json. Success.
[2026-02-16T06:42:16.977Z] Wrote to D:\XII PPLG 1\PSAJ\Nyicil\v2\server\data\products.json. Success.
[2026-02-16T06:44:52.755Z] Wrote to D:\XII PPLG 1\PSAJ\Nyicil\v2\server\data\products.json. Success.
[2026-02-16T06:50:59.315Z] Wrote to D:\XII PPLG 1\PSAJ\Nyicil\v2\server\data\products.json. Success.
[2026-02-16T06:54:11.067Z] Wrote to D:\XII PPLG 1\PSAJ\Nyicil\v2\server\data\products.json. Success.
[2026-02-16T06:57:47.063Z] Wrote to D:\XII PPLG 1\PSAJ\Nyicil\v2\server\data\products.json. Success.
[2026-02-16T06:57:50.854Z] Wrote to D:\XII PPLG 1\PSAJ\Nyicil\v2\server\data\products.json. Success.
[2026-02-16T06:58:01.160Z] Wrote to D:\XII PPLG 1\PSAJ\Nyicil\v2\server\data\products.json. Success.
[2026-02-16T06:58:26.049Z] Wrote to D:\XII PPLG 1\PSAJ\Nyicil\v2\server\data\products.json. Success.
[2026-02-16T07:33:19.522Z] Wrote to D:\XII PPLG 1\PSAJ\Nyicil\v2\server\data\products.json. Success.
[2026-02-16T07:33:34.768Z] Wrote to D:\XII PPLG 1\PSAJ\Nyicil\v2\server\data\products.json. Success.
[2026-02-16T09:04:29.327Z] Wrote to D:\XII PPLG 1\PSAJ\Nyicil\v2\server\data\products.json. Success.
[2026-02-16T09:04:49.794Z] Wrote to D:\XII PPLG 1\PSAJ\Nyicil\v2\server\data\products.json. Success.
[2026-02-16T09:05:05.464Z] Wrote to D:\XII PPLG 1\PSAJ\Nyicil\v2\server\data\products.json. Success.
[2026-02-16T09:13:16.141Z] Wrote to D:\XII PPLG 1\PSAJ\Nyicil\v2\server\data\products.json. Success.
[2026-02-16T09:15:01.421Z] Wrote to D:\XII PPLG 1\PSAJ\Nyicil\v2\server\data\products.json. Success.
[2026-02-16T09:17:30.286Z] Wrote to D:\XII PPLG 1\PSAJ\Nyicil\v2\server\data\products.json. Success.
[2026-02-16T09:25:12.888Z] Wrote to D:\XII PPLG 1\PSAJ\Nyicil\v2\server\data\products.json. Success.
[2026-02-16T09:29:33.373Z] Wrote to D:\XII PPLG 1\PSAJ\Nyicil\v2\server\data\products.json. Success.
[2026-02-16T09:33:09.705Z] Wrote to D:\XII PPLG 1\PSAJ\Nyicil\v2\server\data\products.json. Success.
[2026-02-16T09:37:34.750Z] Wrote to D:\XII PPLG 1\PSAJ\Nyicil\v2\server\data\products.json. Success.
[2026-02-16T09:41:00.171Z] Wrote to D:\XII PPLG 1\PSAJ\Nyicil\v2\server\data\products.json. Success.
[2026-02-16T09:44:41.933Z] Wrote to D:\XII PPLG 1\PSAJ\Nyicil\v2\server\data\products.json. Success.
[2026-02-16T09:54:09.955Z] Wrote to D:\XII PPLG 1\PSAJ\Nyicil\v2\server\data\products.json. Success.
[2026-02-16T09:56:09.830Z] Wrote to D:\XII PPLG 1\PSAJ\Nyicil\v2\server\data\products.json. Success.
[2026-02-16T09:58:14.826Z] Wrote to D:\XII PPLG 1\PSAJ\Nyicil\v2\server\data\products.json. Success.
[2026-02-16T10:01:02.235Z] Wrote to D:\XII PPLG 1\PSAJ\Nyicil\v2\server\data\products.json. Success.
[2026-02-16T10:03:23.732Z] Wrote to D:\XII PPLG 1\PSAJ\Nyicil\v2\server\data\products.json. Success.
[2026-02-16T10:06:55.430Z] Wrote to D:\XII PPLG 1\PSAJ\Nyicil\v2\server\data\products.json. Success.
[2026-02-16T10:12:45.677Z] Wrote to D:\XII PPLG 1\PSAJ\Nyicil\v2\server\data\products.json. Success.
[2026-02-16T10:20:33.943Z] Wrote to D:\XII PPLG 1\PSAJ\Nyicil\v2\server\data\products.json. Success.
[2026-02-16T10:23:51.441Z] Wrote to D:\XII PPLG 1\PSAJ\Nyicil\v2\server\data\products.json. Success.
[2026-02-16T10:32:46.415Z] Wrote to D:\XII PPLG 1\PSAJ\Nyicil\v2\server\data\products.json. Success.
[2026-02-16T10:36:57.757Z] Wrote to D:\XII PPLG 1\PSAJ\Nyicil\v2\server\data\products.json. Success.
[2026-02-16T10:42:14.614Z] Wrote to D:\XII PPLG 1\PSAJ\Nyicil\v2\server\data\products.json. Success.
[2026-02-16T10:49:17.400Z] Wrote to D:\XII PPLG 1\PSAJ\Nyicil\v2\server\data\products.json. Success.
[2026-02-16T10:49:41.423Z] Wrote to D:\XII PPLG 1\PSAJ\Nyicil\v2\server\data\carts.json. Success.
[2026-02-16T12:24:54.960Z] Wrote to D:\XII PPLG 1\PSAJ\Nyicil\v2\server\data\products.json. Success.
[2026-02-16T12:25:34.034Z] Wrote to D:\XII PPLG 1\PSAJ\Nyicil\v2\server\data\products.json. Success.
[2026-02-16T12:29:53.392Z] Wrote to D:\XII PPLG 1\PSAJ\Nyicil\v2\server\data\products.json. Success.
[2026-02-16T12:32:17.023Z] Wrote to D:\XII PPLG 1\PSAJ\Nyicil\v2\server\data\products.json. Success.
[2026-02-16T12:34:54.872Z] Wrote to D:\XII PPLG 1\PSAJ\Nyicil\v2\server\data\products.json. Success.
[2026-02-16T12:38:34.470Z] Wrote to D:\XII PPLG 1\PSAJ\Nyicil\v2\server\data\products.json. Success.
[2026-02-16T12:42:12.837Z] Wrote to D:\XII PPLG 1\PSAJ\Nyicil\v2\server\data\products.json. Success.
[2026-02-16T12:45:05.396Z] Wrote to D:\XII PPLG 1\PSAJ\Nyicil\v2\server\data\products.json. Success.
[2026-02-16T12:57:59.067Z] Wrote to D:\XII PPLG 1\PSAJ\Nyicil\v2\server\data\products.json. Success.
[2026-02-16T13:36:20.220Z] Wrote to D:\XII PPLG 1\PSAJ\Nyicil\v2\server\data\products.json. Success.
[2026-02-16T13:36:35.199Z] Wrote to D:\XII PPLG 1\PSAJ\Nyicil\v2\server\data\products.json. Success.
[2026-02-16T13:36:47.788Z] Wrote to D:\XII PPLG 1\PSAJ\Nyicil\v2\server\data\products.json. Success.
[2026-02-16T13:38:00.920Z] Wrote to D:\XII PPLG 1\PSAJ\Nyicil\v2\server\data\products.json. Success.
[2026-02-16T13:39:17.837Z] Wrote to D:\XII PPLG 1\PSAJ\Nyicil\v2\server\data\products.json. Success.
[2026-02-16T13:39:42.353Z] Wrote to D:\XII PPLG 1\PSAJ\Nyicil\v2\server\data\products.json. Success.
[2026-02-16T13:40:17.865Z] Wrote to D:\XII PPLG 1\PSAJ\Nyicil\v2\server\data\products.json. Success.
[2026-02-16T13:40:28.071Z] Wrote to D:\XII PPLG 1\PSAJ\Nyicil\v2\server\data\products.json. Success.
[2026-02-16T13:40:30.225Z] Wrote to D:\XII PPLG 1\PSAJ\Nyicil\v2\server\data\products.json. Success.
[2026-02-16T13:41:43.882Z] Wrote to D:\XII PPLG 1\PSAJ\Nyicil\v2\server\data\products.json. Success.
[2026-02-16T13:44:19.051Z] Wrote to D:\XII PPLG 1\PSAJ\Nyicil\v2\server\data\products.json. Success.
[2026-02-16T13:48:18.362Z] Wrote to D:\XII PPLG 1\PSAJ\Nyicil\v2\server\data\products.json. Success.
[2026-02-16T14:00:53.339Z] Wrote to D:\XII PPLG 1\PSAJ\Nyicil\v2\server\data\products.json. Success.
[2026-02-17T03:07:57.262Z] Wrote to D:\XII PPLG 1\PSAJ\Nyicil\v2\server\data\products.json. Success.
[2026-02-17T03:10:01.334Z] Wrote to D:\XII PPLG 1\PSAJ\Nyicil\v2\server\data\products.json. Success.
[2026-02-17T03:12:13.476Z] Wrote to D:\XII PPLG 1\PSAJ\Nyicil\v2\server\data\products.json. Success.
[2026-02-17T03:16:16.824Z] Wrote to D:\XII PPLG 1\PSAJ\Nyicil\v2\server\data\products.json. Success.
[2026-02-17T03:48:44.935Z] Wrote to D:\XII PPLG 1\PSAJ\Nyicil\v2\server\data\products.json. Success.
[2026-02-17T03:57:03.374Z] Wrote to D:\XII PPLG 1\PSAJ\Nyicil\v2\server\data\products.json. Success.
[2026-02-17T04:03:56.963Z] Wrote to D:\XII PPLG 1\PSAJ\Nyicil\v2\server\data\products.json. Success.
[2026-02-17T04:06:51.640Z] Wrote to D:\XII PPLG 1\PSAJ\Nyicil\v2\server\data\products.json. Success.
[2026-02-17T05:12:32.480Z] Wrote to D:\XII PPLG 1\PSAJ\Nyicil\v2\server\data\carts.json. Success.
[2026-02-17T05:13:48.015Z] Wrote to D:\XII PPLG 1\PSAJ\Nyicil\v2\server\data\orders.json. Success.
[2026-02-17T05:13:48.026Z] Wrote to D:\XII PPLG 1\PSAJ\Nyicil\v2\server\data\products.json. Success.
[2026-02-17T05:13:48.037Z] Wrote to D:\XII PPLG 1\PSAJ\Nyicil\v2\server\data\orders.json. Success.
[2026-02-17T05:14:43.029Z] Wrote to D:\XII PPLG 1\PSAJ\Nyicil\v2\server\data\orders.json. Success.
[2026-02-17T05:14:43.037Z] Wrote to D:\XII PPLG 1\PSAJ\Nyicil\v2\server\data\products.json. Success.
[2026-02-17T05:14:43.054Z] Wrote to D:\XII PPLG 1\PSAJ\Nyicil\v2\server\data\orders.json. Success.
[2026-02-17T05:17:59.658Z] Wrote to D:\XII PPLG 1\PSAJ\Nyicil\v2\server\data\carts.json. Success.
[2026-02-17T05:18:09.167Z] Wrote to D:\XII PPLG 1\PSAJ\Nyicil\v2\server\data\carts.json. Success.
[2026-02-17T05:18:11.255Z] Wrote to D:\XII PPLG 1\PSAJ\Nyicil\v2\server\data\carts.json. Success.
[2026-02-17T05:18:13.216Z] Wrote to D:\XII PPLG 1\PSAJ\Nyicil\v2\server\data\carts.json. Success.
[2026-02-17T05:18:15.176Z] Wrote to D:\XII PPLG 1\PSAJ\Nyicil\v2\server\data\carts.json. Success.
[2026-02-17T05:18:21.279Z] Wrote to D:\XII PPLG 1\PSAJ\Nyicil\v2\server\data\orders.json. Success.
[2026-02-17T05:18:21.284Z] Wrote to D:\XII PPLG 1\PSAJ\Nyicil\v2\server\data\products.json. Success.
[2026-02-17T05:18:21.287Z] Wrote to D:\XII PPLG 1\PSAJ\Nyicil\v2\server\data\carts.json. Success.
[2026-02-17T05:18:38.263Z] Wrote to D:\XII PPLG 1\PSAJ\Nyicil\v2\server\data\carts.json. Success.
[2026-02-17T05:21:00.032Z] Wrote to D:\XII PPLG 1\PSAJ\Nyicil\v2\server\data\addresses.json. Success.
[2026-02-17T05:21:52.426Z] Wrote to D:\XII PPLG 1\PSAJ\Nyicil\v2\server\data\orders.json. Success.
[2026-02-17T05:21:52.433Z] Wrote to D:\XII PPLG 1\PSAJ\Nyicil\v2\server\data\products.json. Success.
[2026-02-17T05:21:52.436Z] Wrote to D:\XII PPLG 1\PSAJ\Nyicil\v2\server\data\carts.json. Success.
[2026-02-17T05:25:12.638Z] Wrote to D:\XII PPLG 1\PSAJ\Nyicil\v2\server\data\orders.json. Success.
[2026-02-17T05:25:18.062Z] Wrote to D:\XII PPLG 1\PSAJ\Nyicil\v2\server\data\orders.json. Success.
[2026-02-17T05:25:44.353Z] Wrote to D:\XII PPLG 1\PSAJ\Nyicil\v2\server\data\orders.json. Success.
[2026-02-17T08:46:26.890Z] Wrote to D:\XII PPLG 1\PSAJ\Nyicil\v2\server\data\carts.json. Success.
[2026-02-17T08:48:33.484Z] Wrote to D:\XII PPLG 1\PSAJ\Nyicil\v2\server\data\orders.json. Success.
[2026-02-17T08:48:33.488Z] Wrote to D:\XII PPLG 1\PSAJ\Nyicil\v2\server\data\products.json. Success.
[2026-02-17T08:48:33.493Z] Wrote to D:\XII PPLG 1\PSAJ\Nyicil\v2\server\data\carts.json. Success.
[2026-02-17T09:46:10.004Z] Wrote to D:\XII PPLG 1\PSAJ\Nyicil\v2\server\data\users.json. Success.
[2026-02-17T09:46:10.021Z] Wrote to D:\XII PPLG 1\PSAJ\Nyicil\v2\server\data\users.json. Success.
[2026-02-17T09:48:21.399Z] Wrote to D:\XII PPLG 1\PSAJ\Nyicil\v2\server\data\users.json. Success.
[2026-02-17T09:48:21.413Z] Wrote to D:\XII PPLG 1\PSAJ\Nyicil\v2\server\data\users.json. Success.
[2026-02-18T02:29:32.882Z] Wrote to D:\XII PPLG 1\PSAJ\Nyicil\v2\server\data\addresses.json. Success.
[2026-02-18T02:31:58.914Z] Wrote to D:\XII PPLG 1\PSAJ\Nyicil\v2\server\data\orders.json. Success.
[2026-02-18T02:31:58.919Z] Wrote to D:\XII PPLG 1\PSAJ\Nyicil\v2\server\data\products.json. Success.
[2026-02-18T02:34:48.079Z] Wrote to D:\XII PPLG 1\PSAJ\Nyicil\v2\server\data\orders.json. Success.
[2026-02-18T02:34:52.464Z] Wrote to D:\XII PPLG 1\PSAJ\Nyicil\v2\server\data\orders.json. Success.
[2026-02-18T02:35:01.231Z] Wrote to D:\XII PPLG 1\PSAJ\Nyicil\v2\server\data\orders.json. Success.
[2026-02-18T02:36:35.379Z] Wrote to D:\XII PPLG 1\PSAJ\Nyicil\v2\server\data\addresses.json. Success.
[2026-02-27T03:41:25.805Z] Wrote to D:\XII PPLG 1\PSAJ\Nyicil\v2\server\data\products.json. Success.
[2026-02-27T07:12:21.642Z] Wrote to D:\XII PPLG 1\PSAJ\Nyicil\v2\server\data\carts.json. Success.
[2026-02-27T07:21:22.379Z] Wrote to D:\XII PPLG 1\PSAJ\Nyicil\v2\server\data\orders.json. Success.
[2026-02-27T07:21:22.384Z] Wrote to D:\XII PPLG 1\PSAJ\Nyicil\v2\server\data\products.json. Success.
[2026-02-27T07:21:22.386Z] Wrote to D:\XII PPLG 1\PSAJ\Nyicil\v2\server\data\carts.json. Success.
[2026-02-27T13:19:46.024Z] Wrote to D:\XII PPLG 1\PSAJ\Nyicil\v2\server\data\users.json. Success.
[2026-02-27T13:20:05.564Z] Wrote to D:\XII PPLG 1\PSAJ\Nyicil\v2\server\data\users.json. Success.
[2026-02-27T13:21:13.896Z] Wrote to D:\XII PPLG 1\PSAJ\Nyicil\v2\server\data\users.json. Success.
[2026-02-28T10:17:07.377Z] Wrote to D:\XII PPLG 1\PSAJ\Nyicil\v2\server\data\carts.json. Success.
[2026-02-28T10:17:14.390Z] Wrote to D:\XII PPLG 1\PSAJ\Nyicil\v2\server\data\carts.json. Success.
[2026-02-28T10:17:17.724Z] Wrote to D:\XII PPLG 1\PSAJ\Nyicil\v2\server\data\carts.json. Success.
[2026-02-28T10:17:40.731Z] Wrote to D:\XII PPLG 1\PSAJ\Nyicil\v2\server\data\carts.json. Success.
[2026-02-28T10:35:55.100Z] Wrote to D:\XII PPLG 1\PSAJ\Nyicil\v2\server\data\orders.json. Success.
[2026-02-28T10:35:55.109Z] Wrote to D:\XII PPLG 1\PSAJ\Nyicil\v2\server\data\products.json. Success.
[2026-02-28T10:35:55.113Z] Wrote to D:\XII PPLG 1\PSAJ\Nyicil\v2\server\data\carts.json. Success.
[2026-02-28T10:37:26.074Z] Wrote to D:\XII PPLG 1\PSAJ\Nyicil\v2\server\data\carts.json. Success.
[2026-02-28T10:37:29.526Z] Wrote to D:\XII PPLG 1\PSAJ\Nyicil\v2\server\data\carts.json. Success.
[2026-02-28T10:37:35.933Z] Wrote to D:\XII PPLG 1\PSAJ\Nyicil\v2\server\data\carts.json. Success.
[2026-02-28T10:49:48.579Z] Wrote to D:\XII PPLG 1\PSAJ\Nyicil\v2\server\data\orders.json. Success.
[2026-02-28T10:49:50.866Z] Wrote to D:\XII PPLG 1\PSAJ\Nyicil\v2\server\data\orders.json. Success.
[2026-02-28T10:50:29.675Z] Wrote to D:\XII PPLG 1\PSAJ\Nyicil\v2\server\data\orders.json. Success.
[2026-02-28T10:50:38.771Z] Wrote to D:\XII PPLG 1\PSAJ\Nyicil\v2\server\data\orders.json. Success.
[2026-02-28T11:05:27.182Z] Wrote to D:\XII PPLG 1\PSAJ\Nyicil\v2\server\data\orders.json. Success.
[2026-02-28T11:09:12.421Z] Wrote to D:\XII PPLG 1\PSAJ\Nyicil\v2\server\data\orders.json. Success.
[2026-02-28T14:14:15.810Z] Wrote to D:\XII PPLG 1\PSAJ\Nyicil\v2\server\data\slides.json. Success.
[2026-02-28T14:14:17.133Z] Wrote to D:\XII PPLG 1\PSAJ\Nyicil\v2\server\data\slides.json. Success.
[2026-03-01T09:23:42.887Z] Wrote to D:\XII PPLG 1\PSAJ\Nyicil\v2\server\data\orders.json. Success.
[2026-03-01T09:23:44.178Z] Wrote to D:\XII PPLG 1\PSAJ\Nyicil\v2\server\data\orders.json. Success.
[2026-03-01T09:56:01.207Z] Wrote to D:\XII PPLG 1\PSAJ\Nyicil\v2\server\data\categories.json. Success.
[2026-03-01T09:56:15.352Z] Wrote to D:\XII PPLG 1\PSAJ\Nyicil\v2\server\data\categories.json. Success.
[2026-03-01T09:56:33.854Z] Wrote to D:\XII PPLG 1\PSAJ\Nyicil\v2\server\data\categories.json. Success.
[2026-03-01T09:56:52.230Z] Wrote to D:\XII PPLG 1\PSAJ\Nyicil\v2\server\data\categories.json. Success.
[2026-03-01T10:30:54.687Z] Wrote to D:\XII PPLG 1\PSAJ\Nyicil\v2\server\data\categories.json. Success.
[2026-03-01T10:31:06.757Z] Wrote to D:\XII PPLG 1\PSAJ\Nyicil\v2\server\data\categories.json. Success.
[2026-03-01T10:31:17.591Z] Wrote to D:\XII PPLG 1\PSAJ\Nyicil\v2\server\data\categories.json. Success.
[2026-03-01T10:31:29.813Z] Wrote to D:\XII PPLG 1\PSAJ\Nyicil\v2\server\data\categories.json. Success.
[2026-03-01T10:31:40.889Z] Wrote to D:\XII PPLG 1\PSAJ\Nyicil\v2\server\data\categories.json. Success.
[2026-03-01T10:31:50.021Z] Wrote to D:\XII PPLG 1\PSAJ\Nyicil\v2\server\data\categories.json. Success.
[2026-03-01T10:32:01.321Z] Wrote to D:\XII PPLG 1\PSAJ\Nyicil\v2\server\data\categories.json. Success.
[2026-03-01T10:43:52.523Z] Wrote to D:\XII PPLG 1\PSAJ\Nyicil\v2\server\data\slides.json. Success.
[2026-03-01T10:43:54.160Z] Wrote to D:\XII PPLG 1\PSAJ\Nyicil\v2\server\data\slides.json. Success.
[2026-03-03T04:04:39.212Z] Wrote to D:\XII PPLG 1\PSAJ\Nyicil\v2\server\data\carts.json. Success.
[2026-03-03T04:05:04.357Z] Wrote to D:\XII PPLG 1\PSAJ\Nyicil\v2\server\data\orders.json. Success.
[2026-03-03T04:05:04.363Z] Wrote to D:\XII PPLG 1\PSAJ\Nyicil\v2\server\data\products.json. Success.
[2026-03-03T04:05:04.367Z] Wrote to D:\XII PPLG 1\PSAJ\Nyicil\v2\server\data\carts.json. Success.
[2026-03-03T13:47:22.204Z] Wrote to D:\XII PPLG 1\PSAJ\Nyicil\v2\server\data\users.json. Success.
[2026-03-03T13:47:42.579Z] Wrote to D:\XII PPLG 1\PSAJ\Nyicil\v2\server\data\users.json. Success.
[2026-03-04T05:55:52.311Z] Wrote to D:\XII PPLG 1\PSAJ\Nyicil\v2\server\data\users.json. Success.
[2026-03-04T06:01:45.546Z] Wrote to D:\XII PPLG 1\PSAJ\Nyicil\v2\server\data\carts.json. Success.
[2026-03-04T06:03:15.313Z] Wrote to D:\XII PPLG 1\PSAJ\Nyicil\v2\server\data\orders.json. Success.
[2026-03-04T06:03:15.318Z] Wrote to D:\XII PPLG 1\PSAJ\Nyicil\v2\server\data\products.json. Success.
[2026-03-04T06:03:15.321Z] Wrote to D:\XII PPLG 1\PSAJ\Nyicil\v2\server\data\carts.json. Success.
[2026-03-04T06:03:42.126Z] Wrote to D:\XII PPLG 1\PSAJ\Nyicil\v2\server\data\orders.json. Success.
[2026-03-04T06:03:45.625Z] Wrote to D:\XII PPLG 1\PSAJ\Nyicil\v2\server\data\orders.json. Success.
[2026-03-04T15:44:39.953Z] Wrote to D:\XII PPLG 1\PSAJ\Nyicil\v2\server\data\users.json. Success.
[2026-03-04T15:44:41.640Z] Wrote to D:\XII PPLG 1\PSAJ\Nyicil\v2\server\data\users.json. Success.
[2026-03-04T15:44:41.677Z] Wrote to D:\XII PPLG 1\PSAJ\Nyicil\v2\server\data\users.json. Success.
[2026-03-04T15:44:56.542Z] Wrote to D:\XII PPLG 1\PSAJ\Nyicil\v2\server\data\users.json. Success.
[2026-03-04T15:44:58.416Z] Wrote to D:\XII PPLG 1\PSAJ\Nyicil\v2\server\data\users.json. Success.
[2026-03-04T15:44:58.436Z] Wrote to D:\XII PPLG 1\PSAJ\Nyicil\v2\server\data\users.json. Success.
[2026-03-04T15:45:42.035Z] Wrote to D:\XII PPLG 1\PSAJ\Nyicil\v2\server\data\users.json. Success.
[2026-03-04T15:45:43.243Z] Wrote to D:\XII PPLG 1\PSAJ\Nyicil\v2\server\data\users.json. Success.
[2026-03-04T15:45:43.275Z] Wrote to D:\XII PPLG 1\PSAJ\Nyicil\v2\server\data\users.json. Success.
[2026-03-04T15:45:45.717Z] Wrote to D:\XII PPLG 1\PSAJ\Nyicil\v2\server\data\users.json. Success.
[2026-03-04T15:45:45.740Z] Wrote to D:\XII PPLG 1\PSAJ\Nyicil\v2\server\data\users.json. Success.
[2026-03-04T15:45:45.775Z] Wrote to D:\XII PPLG 1\PSAJ\Nyicil\v2\server\data\users.json. Success.
[2026-03-04T15:46:34.482Z] Wrote to D:\XII PPLG 1\PSAJ\Nyicil\v2\server\data\users.json. Success.
[2026-03-04T15:46:37.484Z] Wrote to D:\XII PPLG 1\PSAJ\Nyicil\v2\server\data\users.json. Success.
[2026-03-04T15:46:37.505Z] Wrote to D:\XII PPLG 1\PSAJ\Nyicil\v2\server\data\users.json. Success.
[2026-03-04T15:46:39.243Z] Wrote to D:\XII PPLG 1\PSAJ\Nyicil\v2\server\data\users.json. Success.
[2026-03-04T15:46:39.268Z] Wrote to D:\XII PPLG 1\PSAJ\Nyicil\v2\server\data\users.json. Success.
[2026-03-04T15:46:39.289Z] Wrote to D:\XII PPLG 1\PSAJ\Nyicil\v2\server\data\users.json. Success.
[2026-03-04T15:46:41.207Z] Wrote to D:\XII PPLG 1\PSAJ\Nyicil\v2\server\data\users.json. Success.
[2026-03-04T15:54:10.069Z] Wrote to D:\XII PPLG 1\PSAJ\Nyicil\v2\server\data\users.json. Success.
[2026-03-04T15:54:10.089Z] Wrote to D:\XII PPLG 1\PSAJ\Nyicil\v2\server\data\users.json. Success.
[2026-03-04T16:07:29.157Z] Wrote to D:\XII PPLG 1\PSAJ\Nyicil\v2\server\data\users.json. Success.
[2026-03-04T16:07:29.175Z] Wrote to D:\XII PPLG 1\PSAJ\Nyicil\v2\server\data\users.json. Success.
[2026-03-04T16:10:15.340Z] Wrote to D:\XII PPLG 1\PSAJ\Nyicil\v2\server\data\users.json. Success.
[2026-03-04T16:10:15.369Z] Wrote to D:\XII PPLG 1\PSAJ\Nyicil\v2\server\data\users.json. Success.
[2026-03-04T16:18:18.359Z] Wrote to D:\XII PPLG 1\PSAJ\Nyicil\v2\server\data\users.json. Success.
[2026-03-04T16:18:18.392Z] Wrote to D:\XII PPLG 1\PSAJ\Nyicil\v2\server\data\users.json. Success.
[2026-03-04T16:23:54.204Z] Wrote to D:\XII PPLG 1\PSAJ\Nyicil\v2\server\data\users.json. Success.
[2026-03-04T16:23:54.226Z] Wrote to D:\XII PPLG 1\PSAJ\Nyicil\v2\server\data\users.json. Success.
[2026-03-04T16:24:18.044Z] Wrote to D:\XII PPLG 1\PSAJ\Nyicil\v2\server\data\users.json. Success.
[2026-03-04T16:25:37.248Z] Wrote to D:\XII PPLG 1\PSAJ\Nyicil\v2\server\data\users.json. Success.
[2026-03-04T16:25:55.673Z] Wrote to D:\XII PPLG 1\PSAJ\Nyicil\v2\server\data\users.json. Success.
[2026-03-04T16:26:24.381Z] Wrote to D:\XII PPLG 1\PSAJ\Nyicil\v2\server\data\users.json. Success.
[2026-03-04T16:26:24.409Z] Wrote to D:\XII PPLG 1\PSAJ\Nyicil\v2\server\data\users.json. Success.
[2026-03-04T16:26:24.438Z] Wrote to D:\XII PPLG 1\PSAJ\Nyicil\v2\server\data\users.json. Success.
[2026-03-06T00:32:32.840Z] Wrote to D:\XII PPLG 1\PSAJ\Nyicil\v2\server\data\users.json. Success.
[2026-03-06T00:32:32.864Z] Wrote to D:\XII PPLG 1\PSAJ\Nyicil\v2\server\data\users.json. Success.
[2026-03-06T00:44:55.288Z] Wrote to D:\XII PPLG 1\PSAJ\Nyicil\v2\server\data\users.json. Success.
[2026-03-06T00:44:55.312Z] Wrote to D:\XII PPLG 1\PSAJ\Nyicil\v2\server\data\users.json. Success.
[2026-03-06T00:45:47.371Z] Wrote to D:\XII PPLG 1\PSAJ\Nyicil\v2\server\data\users.json. Success.
[2026-03-06T00:47:05.878Z] Wrote to D:\XII PPLG 1\PSAJ\Nyicil\v2\server\data\users.json. Success.
[2026-03-06T00:48:08.962Z] Wrote to D:\XII PPLG 1\PSAJ\Nyicil\v2\server\data\users.json. Success.
[2026-03-06T01:20:38.647Z] Wrote to D:\XII PPLG 1\PSAJ\Nyicil\v2\server\data\users.json. Success.
[2026-03-06T01:22:31.195Z] Wrote to D:\XII PPLG 1\PSAJ\Nyicil\v2\server\data\users.json. Success.
[2026-03-06T01:43:20.739Z] Wrote to D:\XII PPLG 1\PSAJ\Nyicil\v2\server\data\users.json. Success.
[2026-03-06T01:44:37.422Z] Wrote to D:\XII PPLG 1\PSAJ\Nyicil\v2\server\data\users.json. Success.
[2026-03-06T01:50:06.635Z] Wrote to D:\XII PPLG 1\PSAJ\Nyicil\v2\server\data\users.json. Success.
[2026-03-06T01:52:08.533Z] Wrote to D:\XII PPLG 1\PSAJ\Nyicil\v2\server\data\carts.json. Success.
[2026-03-06T02:22:36.911Z] Wrote to D:\XII PPLG 1\PSAJ\Nyicil\v2\server\data\users.json. Success.
[2026-03-06T10:31:20.999Z] Wrote to D:\XII PPLG 1\PSAJ\Nyicil\v2\server\data\users.json. Success.
[2026-03-06T10:31:51.384Z] Wrote to D:\XII PPLG 1\PSAJ\Nyicil\v2\server\data\users.json. Success.
[2026-03-06T10:32:07.351Z] Wrote to D:\XII PPLG 1\PSAJ\Nyicil\v2\server\data\users.json. Success.
[2026-03-06T10:32:43.499Z] Wrote to D:\XII PPLG 1\PSAJ\Nyicil\v2\server\data\users.json. Success.
[2026-03-06T10:33:29.239Z] Wrote to D:\XII PPLG 1\PSAJ\Nyicil\v2\server\data\users.json. Success.
[2026-03-06T10:33:29.255Z] Wrote to D:\XII PPLG 1\PSAJ\Nyicil\v2\server\data\users.json. Success.
[2026-03-06T10:33:29.281Z] Wrote to D:\XII PPLG 1\PSAJ\Nyicil\v2\server\data\users.json. Success.
[2026-03-06T10:49:09.655Z] Wrote to D:\XII PPLG 1\PSAJ\Nyicil\v2\server\data\products.json. Success.
[2026-03-06T10:51:06.139Z] Wrote to D:\XII PPLG 1\PSAJ\Nyicil\v2\server\data\carts.json. Success.
[2026-03-06T10:51:08.668Z] Wrote to D:\XII PPLG 1\PSAJ\Nyicil\v2\server\data\carts.json. Success.
[2026-03-06T10:51:16.100Z] Wrote to D:\XII PPLG 1\PSAJ\Nyicil\v2\server\data\carts.json. Success.
[2026-03-06T10:57:52.438Z] Wrote to D:\XII PPLG 1\PSAJ\Nyicil\v2\server\data\wishlists.json. Success.
[2026-03-06T11:48:43.355Z] Wrote to D:\XII PPLG 1\PSAJ\Nyicil\v2\server\data\orders.json. Success.
[2026-03-06T11:48:43.369Z] Wrote to D:\XII PPLG 1\PSAJ\Nyicil\v2\server\data\products.json. Success.
[2026-03-06T11:48:43.385Z] Wrote to D:\XII PPLG 1\PSAJ\Nyicil\v2\server\data\carts.json. Success.
[2026-03-06T12:05:39.923Z] Wrote to D:\XII PPLG 1\PSAJ\Nyicil\v2\server\data\users.json. Success.
[2026-03-08T06:33:53.705Z] Wrote to D:\XII PPLG 1\PSAJ\Nyicil\v2\server\data\users.json. Success.
[2026-03-08T06:34:12.711Z] Wrote to D:\XII PPLG 1\PSAJ\Nyicil\v2\server\data\users.json. Success.
[2026-03-30T12:34:03.236Z] Wrote to D:\XII PPLG 1\PSAJ\Nyicil\v2\server\data\users.json. Success.
[2026-03-30T12:34:03.278Z] Wrote to D:\XII PPLG 1\PSAJ\Nyicil\v2\server\data\users.json. Success.
[2026-03-30T12:34:35.812Z] Wrote to D:\XII PPLG 1\PSAJ\Nyicil\v2\server\data\users.json. Success.
[2026-03-30T12:35:35.223Z] Wrote to D:\XII PPLG 1\PSAJ\Nyicil\v2\server\data\products.json. Success.
[2026-03-30T12:35:40.517Z] Wrote to D:\XII PPLG 1\PSAJ\Nyicil\v2\server\data\carts.json. Success.
[2026-03-30T12:36:58.446Z] Wrote to D:\XII PPLG 1\PSAJ\Nyicil\v2\server\data\addresses.json. Success.
[2026-03-30T12:38:25.384Z] Wrote to D:\XII PPLG 1\PSAJ\Nyicil\v2\server\data\orders.json. Success.
[2026-03-30T12:38:25.392Z] Wrote to D:\XII PPLG 1\PSAJ\Nyicil\v2\server\data\products.json. Success.
[2026-03-30T12:38:25.395Z] Wrote to D:\XII PPLG 1\PSAJ\Nyicil\v2\server\data\carts.json. Success.
[2026-04-01T13:36:46.726Z] Wrote to D:\XII PPLG 1\PSAJ\Nyicil\v2\server\data\users.json. Success.
[2026-04-01T13:36:46.865Z] Wrote to D:\XII PPLG 1\PSAJ\Nyicil\v2\server\data\users.json. Success.
[2026-04-01T13:37:20.187Z] Wrote to D:\XII PPLG 1\PSAJ\Nyicil\v2\server\data\users.json. Success.
[2026-04-01T13:37:24.812Z] Wrote to D:\XII PPLG 1\PSAJ\Nyicil\v2\server\data\users.json. Success.
[2026-04-01T13:41:33.183Z] Wrote to D:\XII PPLG 1\PSAJ\Nyicil\v2\server\data\wishlists.json. Success.
[2026-04-01T13:41:41.581Z] Wrote to D:\XII PPLG 1\PSAJ\Nyicil\v2\server\data\carts.json. Success.
[2026-04-01T13:42:06.596Z] Wrote to D:\XII PPLG 1\PSAJ\Nyicil\v2\server\data\carts.json. Success.
[2026-04-01T13:42:31.894Z] Wrote to D:\XII PPLG 1\PSAJ\Nyicil\v2\server\data\carts.json. Success.
[2026-04-01T13:43:05.650Z] Wrote to D:\XII PPLG 1\PSAJ\Nyicil\v2\server\data\carts.json. Success.
[2026-04-01T13:45:09.311Z] Wrote to D:\XII PPLG 1\PSAJ\Nyicil\v2\server\data\addresses.json. Success.
[2026-04-01T13:45:54.748Z] Wrote to D:\XII PPLG 1\PSAJ\Nyicil\v2\server\data\orders.json. Success.
[2026-04-01T13:45:55.159Z] Wrote to D:\XII PPLG 1\PSAJ\Nyicil\v2\server\data\products.json. Success.
[2026-04-01T13:45:55.731Z] Wrote to D:\XII PPLG 1\PSAJ\Nyicil\v2\server\data\carts.json. Success.
